// Jest Snapshot v1, https://goo.gl/fbAQLP

exports[`App App component should match snapshot 1`] = `
<div
  className="App"
>
  <Route
    exact={true}
    path="/"
    render={[Function]}
  />
  <Route
    path="/login"
    render={[Function]}
  />
</div>
`;
